// Jest Snapshot v1, https://goo.gl/fbAQLP

exports[`Footer should render correctly 1`] = `
<div>
  <div
    class="footer"
  >
    <p>
      THEMES
    </p>
  </div>
</div>
`;
