// Jest Snapshot v1, https://goo.gl/fbAQLP

exports[`Header should render correctly 1`] = `
<div>
  <div
    class="heading"
  >
    <a>
      EVENTIFY
    </a>
  </div>
</div>
`;
