// Jest Snapshot v1, https://goo.gl/fbAQLP

exports[`CardDetails should render correctly 1`] = `
<div>
  <div
    class="card-details"
  >
    <div
      class="card-d"
    >
      <div
        class="card-image-d"
      >
        <img
          alt="event"
        />
        <hr />
      </div>
      <div
        class="card-content-d"
      >
        <div
          class="card-title-d"
        >
          <h3 />
        </div>
        <div
          class="card-description-d"
        >
          <p />
        </div>
        <div
          class="card-venue-d"
        >
          <div>
            <a>
              VENUE: 
            </a>
          </div>
          <div>
            <a>
              DATE: 
            </a>
          </div>
        </div>
      </div>
      <div
        class="card-footer-d"
      >
        <div>
          <div
            class="seats-d"
          >
            <svg
              aria-hidden="true"
              class="svg-inline--fa fa-circle-xmark "
              color="#ECECAB"
              data-icon="circle-xmark"
              data-prefix="fas"
              focusable="false"
              font-size="25"
              role="img"
              viewBox="0 0 512 512"
              xmlns="http://www.w3.org/2000/svg"
            >
              <path
                d="M256 512c141.4 0 256-114.6 256-256S397.4 0 256 0S0 114.6 0 256S114.6 512 256 512zM175 175c9.4-9.4 24.6-9.4 33.9 0l47 47 47-47c9.4-9.4 24.6-9.4 33.9 0s9.4 24.6 0 33.9l-47 47 47 47c9.4 9.4 9.4 24.6 0 33.9s-24.6 9.4-33.9 0l-47-47-47 47c-9.4 9.4-24.6 9.4-33.9 0s-9.4-24.6 0-33.9l47-47-47-47c-9.4-9.4-9.4-24.6 0-33.9z"
                fill="currentColor"
              />
            </svg>
            <p>
              NO SEATS AVAILABLE
            </p>
          </div>
        </div>
        <div
          class="bookmark-btn-d"
        >
          <button>
            <svg
              aria-hidden="true"
              class="svg-inline--fa fa-bookmark "
              color="#EA8282"
              data-icon="bookmark"
              data-prefix="far"
              focusable="false"
              font-size="25"
              role="img"
              viewBox="0 0 384 512"
              xmlns="http://www.w3.org/2000/svg"
            >
              <path
                d="M0 48C0 21.5 21.5 0 48 0l0 48V441.4l130.1-92.9c8.3-6 19.6-6 27.9 0L336 441.4V48H48V0H336c26.5 0 48 21.5 48 48V488c0 9-5 17.2-13 21.3s-17.6 3.4-24.9-1.8L192 397.5 37.9 507.5c-7.3 5.2-16.9 5.9-24.9 1.8S0 497 0 488V48z"
                fill="currentColor"
              />
            </svg>
          </button>
        </div>
      </div>
      <div
        class="register-unregister"
      >
        <a />
      </div>
    </div>
  </div>
</div>
`;
